// Jest Snapshot v1, https://goo.gl/fbAQLP

exports[`ModuleListItem should match previous disabled-state snapshot 1`] = `
<styled.ul
  display="grid"
  gridAutoRows="minmax(40%, 1fr)"
  gridRowGap="2em"
  listStyle="none"
  maxHeight="100%"
/>
`;

exports[`ModuleListItem should match previous snapshot 1`] = `
<styled.ul
  display="grid"
  gridAutoRows="minmax(40%, 1fr)"
  gridRowGap="2em"
  listStyle="none"
  maxHeight="100%"
/>
`;
