// Jest Snapshot v1, https://goo.gl/fbAQLP

exports[`ModuleList should match previous snapshot 1`] = `
<Fragment>
  <styled.div
    display="grid"
    justifyContent="center"
  >
    <Styled(Styled(ReactSVG))
      src="/assets/svg/illustrations/blank_canvas.svg"
    />
    <BodyCopy
      fontWeight={600}
      marginTop="1em"
      textAlign="center"
    />
  </styled.div>
</Fragment>
`;
