// Jest Snapshot v1, https://goo.gl/fbAQLP

exports[`ConceptContentNavigator should match previous snapshot 1`] = `
<styled.div
  alignItems="center"
  display="flex"
  flexDirection="row"
  justifyContent="center"
>
  <Styled(ChevronLeft)
    background="white"
    data-testid="concept-navigation-previous"
    disabled={true}
    onClick={[Function]}
    role="button"
  />
  <styled.ul
    display="flex"
    flex={0.5}
    flexDirection="row"
    listStyle="none"
    marginLeft="1em"
    marginRight="1em"
    padding={0}
  >
    <ConceptContentNavigatorStepper
      data-testid="concept-navigation-stepper-0"
      isCurrent={true}
      key="0"
      label="test lesson 0"
      onClick={[Function]}
    />
    <ConceptContentNavigatorStepper
      data-testid="concept-navigation-stepper-1"
      isCurrent={false}
      key="1"
      label="test lesson 1"
      onClick={[Function]}
    />
    <ConceptContentNavigatorStepper
      data-testid="concept-navigation-stepper-2"
      isCurrent={false}
      key="2"
      label="test lesson 2"
      onClick={[Function]}
    />
    <ConceptContentNavigatorStepper
      data-testid="concept-navigation-stepper-3"
      isCurrent={false}
      key="3"
      label="test exercise 0"
      onClick={[Function]}
    />
    <ConceptContentNavigatorStepper
      data-testid="concept-navigation-stepper-4"
      isCurrent={false}
      key="4"
      label="test lesson 4"
      onClick={[Function]}
    />
  </styled.ul>
  <Styled(ChevronRight)
    data-testid="concept-navigation-next"
    disabled={false}
    onClick={[Function]}
    role="button"
  />
</styled.div>
`;
