// Jest Snapshot v1, https://goo.gl/fbAQLP

exports[`SubjectListItem should match previous snapshot 1`] = `
<styled.li>
  <GreatPrimer
    margin="0"
  >
    dummy title
  </GreatPrimer>
  <BodyCopy
    margin="0"
  >
    dummy description
  </BodyCopy>
  <OutlinedLinkButton
    marginTop="7px"
  >
    <Link
      to="/subjects/details/abcd"
    >
      home.pages.auth.links.continue
    </Link>
  </OutlinedLinkButton>
</styled.li>
`;
