// Jest Snapshot v1, https://goo.gl/fbAQLP

exports[` 1`] = `
<Router
  history={
    Object {
      "action": "POP",
      "block": [Function],
      "createHref": [Function],
      "go": [Function],
      "goBack": [Function],
      "goForward": [Function],
      "listen": [Function],
      "location": Object {
        "hash": "",
        "pathname": "/",
        "search": "",
        "state": undefined,
      },
      "push": [Function],
      "replace": [Function],
    }
  }
  staticContext={Object {}}
>
  <SubjectEditionForm
    onSubmit={[MockFunction]}
    subject={
      Object {
        "description": "dummy_subject_description",
        "id": "dummy_subject_id",
        "title": "dummy_subject_title",
      }
    }
  />
</Router>
`;
