// Jest Snapshot v1, https://goo.gl/fbAQLP

exports[`Signup form snapshot testing should match previous snapshot 1`] = `
<form
  onSubmit={[Function]}
>
  <LabeledInput
    disabled={false}
    errorText=""
    hasError={false}
    height="2em"
    hintText=""
    id="firstname"
    key="firstname"
    name="firstname"
    onBlur={[Function]}
    onChange={[Function]}
    placeholder="authentication.pages.signup.form.fields.firstname.placeholder"
    textStyle="brevier"
    type="text"
  >
    authentication.pages.signup.form.fields.firstname.label
  </LabeledInput>
  <LabeledInput
    disabled={false}
    errorText=""
    hasError={false}
    height="2em"
    hintText=""
    id="lastname"
    key="lastname"
    name="lastname"
    onBlur={[Function]}
    onChange={[Function]}
    placeholder="authentication.pages.signup.form.fields.lastname.placeholder"
    textStyle="brevier"
    type="text"
  >
    authentication.pages.signup.form.fields.lastname.label
  </LabeledInput>
  <LabeledInput
    disabled={false}
    errorText=""
    hasError={false}
    height="2em"
    hintText=""
    id="email"
    key="email"
    name="email"
    onBlur={[Function]}
    onChange={[Function]}
    placeholder="authentication.pages.signup.form.fields.email.placeholder"
    textStyle="brevier"
    type="email"
  >
    authentication.pages.signup.form.fields.email.label
  </LabeledInput>
  <LabeledInput
    disabled={false}
    errorText=""
    hasError={false}
    height="2em"
    hintText=""
    id="nickname"
    key="nickname"
    name="nickname"
    onBlur={[Function]}
    onChange={[Function]}
    placeholder="authentication.pages.signup.form.fields.nickname.placeholder"
    textStyle="brevier"
    type="text"
  >
    authentication.pages.signup.form.fields.nickname.label
  </LabeledInput>
  <LabeledInput
    disabled={false}
    errorText=""
    hasError={false}
    height="2em"
    hintText=""
    id="password"
    key="password"
    name="password"
    onBlur={[Function]}
    onChange={[Function]}
    textStyle="brevier"
    type="password"
  >
    authentication.pages.signup.form.fields.password.label
  </LabeledInput>
  <LabeledInput
    disabled={false}
    errorText=""
    hasError={false}
    height="2em"
    hintText=""
    id="password-confirmation"
    key="password-confirmation"
    name="password-confirmation"
    onBlur={[Function]}
    onChange={[Function]}
    textStyle="brevier"
    type="password"
  >
    authentication.pages.signup.form.fields.password_confirmation.label
  </LabeledInput>
  <PrimaryButton
    marginTop="1em"
    type="submit"
  >
    authentication.pages.signup.form.action.submit
  </PrimaryButton>
</form>
`;
