// Jest Snapshot v1, https://goo.gl/fbAQLP

exports[`SubjectDetailsPage should match previous snapshot 1`] = `
<styled.div>
  <styled.div>
    <styled.div
      minHeight="8em"
    >
      <SubtleLinkButton
        alignItems="center"
        display="flex"
        padding="0"
      >
        <Link
          to="/subjects"
        >
          <styled.div
            alignItems="center"
            display="flex"
            gridGap=".5em"
            height="auto"
          >
            <Styled(ReactSVG)
              height=".7em"
              src="/assets/svg/chevronLeft.svg"
              stroke="#8C8C8C"
            />
            subjects.links.back_to_list
          </styled.div>
        </Link>
      </SubtleLinkButton>
      <Canon
        lineHeight="initial"
        margin={0}
        tag="h1"
      >
        subjects.structure.title
      </Canon>
      <BodyCopy>
        subjects.structure.subtitle
      </BodyCopy>
    </styled.div>
    <styled.div
      display="grid"
      gridGap="124px"
      gridTemplateColumns="minmax(35%, 1fr) minmax(calc(65% - 124px), 2fr)"
      marginBottom="3em"
      minHeight="28em"
    >
      <styled.div>
        <BodyCopy>
          <Component
            components={
              Object {
                "bold": <strong />,
              }
            }
            i18nKey="subjects.structure.subjects.description"
          />
        </BodyCopy>
      </styled.div>
      <styled.div>
        <styled.ul
          listStyle="none"
          marginTop="1em"
        >
          <styled.li
            border="none"
            borderLeft="solid 4px #BABABA"
            color="#BABABA"
            paddingBottom={0}
            paddingLeft="1em"
            position="relative"
          >
            <LabelComponent
              disabled={false}
              fontWeight={600}
              forId=""
              hasError={false}
              margin={0}
              textStyle="greatprimer"
            >
              subjects.structure.subjects.examples.0.title
            </LabelComponent>
          </styled.li>
        </styled.ul>
      </styled.div>
    </styled.div>
  </styled.div>
  <styled.div
    alignItems="center"
    display="flex"
    justifyContent="center"
  >
    <Styled(ChevronLeft)
      data-testid="concept-navigation-next"
      disabled={true}
      onClick={[Function]}
      role="button"
    />
    <styled.button
      id="0"
      onClick={[Function]}
      step={0}
    />
    <styled.button
      id="1"
      onClick={[Function]}
      step={0}
    />
    <styled.button
      id="2"
      onClick={[Function]}
      step={0}
    />
    <styled.button
      id="3"
      onClick={[Function]}
      step={0}
    />
    <styled.button
      id="4"
      onClick={[Function]}
      step={0}
    />
    <Styled(ChevronRight)
      data-testid="concept-navigation-next"
      disabled={false}
      onClick={[Function]}
      role="button"
    />
  </styled.div>
</styled.div>
`;
